2026-09-25T20:09:53+0300 [INFO] vae.trainer: Initializing VAE training on device: cuda
2026-09-25T20:09:53+0300 [INFO] vae.trainer: Starting training run for 30 epochs
2026-09-25T20:10:05+0300 [INFO] vae.trainer: Epoch 001 | Train Loss: 60.6033 (Recon: 42.0857, KL: 18.5176) | Val Loss: 48.0061 (Recon: 27.6959, KL: 20.3102)
2026-09-25T20:10:05+0300 [INFO] vae.trainer: New best checkpoint saved (Val Loss: 48.0061)
2026-09-25T20:10:16+0300 [INFO] vae.trainer: Epoch 002 | Train Loss: 46.4853 (Recon: 26.0073, KL: 20.4780) | Val Loss: 45.7282 (Recon: 25.3255, KL: 20.4027)
2026-09-25T20:10:16+0300 [INFO] vae.trainer: New best checkpoint saved (Val Loss: 45.7282)
2026-09-25T20:10:27+0300 [INFO] vae.trainer: Epoch 003 | Train Loss: 44.7841 (Recon: 24.2818, KL: 20.5023) | Val Loss: 44.5563 (Recon: 24.1314, KL: 20.4249)
2026-09-25T20:10:27+0300 [INFO] vae.trainer: New best checkpoint saved (Val Loss: 44.5563)
2026-09-25T20:10:38+0300 [INFO] vae.trainer: Epoch 004 | Train Loss: 43.6627 (Recon: 23.2983, KL: 20.3644) | Val Loss: 43.3740 (Recon: 23.4002, KL: 19.9738)
2026-09-25T20:10:38+0300 [INFO] vae.trainer: New best checkpoint saved (Val Loss: 43.3740)
2026-09-25T20:10:49+0300 [INFO] vae.trainer: Epoch 005 | Train Loss: 42.9042 (Recon: 22.6335, KL: 20.2707) | Val Loss: 42.8431 (Recon: 23.0344, KL: 19.8087)
2026-09-25T20:10:49+0300 [INFO] vae.trainer: New best checkpoint saved (Val Loss: 42.8431)
2026-09-25T20:11:00+0300 [INFO] vae.trainer: Epoch 006 | Train Loss: 42.3388 (Recon: 22.1209, KL: 20.2179) | Val Loss: 42.2484 (Recon: 21.9790, KL: 20.2694)
2026-09-25T20:11:00+0300 [INFO] vae.trainer: New best checkpoint saved (Val Loss: 42.2484)
2026-09-25T20:11:12+0300 [INFO] vae.trainer: Epoch 007 | Train Loss: 41.8331 (Recon: 21.6986, KL: 20.1345) | Val Loss: 42.1738 (Recon: 22.0335, KL: 20.1403)
2026-09-25T20:11:12+0300 [INFO] vae.trainer: New best checkpoint saved (Val Loss: 42.1738)
2026-09-25T20:11:23+0300 [INFO] vae.trainer: Epoch 008 | Train Loss: 41.4417 (Recon: 21.3770, KL: 20.0647) | Val Loss: 41.4578 (Recon: 21.5868, KL: 19.8711)
2026-09-25T20:11:23+0300 [INFO] vae.trainer: New best checkpoint saved (Val Loss: 41.4578)
2026-09-25T20:11:35+0300 [INFO] vae.trainer: Epoch 009 | Train Loss: 41.0940 (Recon: 21.0713, KL: 20.0227) | Val Loss: 41.3325 (Recon: 21.1693, KL: 20.1632)
2026-09-25T20:11:35+0300 [INFO] vae.trainer: New best checkpoint saved (Val Loss: 41.3325)
2026-09-25T20:15:03+0300 [INFO] vae.trainer: Initializing VAE training on device: cuda
2026-09-25T20:15:04+0300 [INFO] vae.trainer: Resumed from checkpoint artifacts/runs/mnist_baseline/latest.pt at epoch 10
2026-09-25T20:15:04+0300 [INFO] vae.trainer: Starting training run from epoch 10 to 30
2026-09-25T20:15:17+0300 [INFO] vae.trainer: Epoch 010 | Train Loss: 40.7491 (Recon: 20.8289, KL: 19.9202) | Val Loss: 40.7345 (Recon: 20.9531, KL: 19.7814)
2026-09-25T20:15:17+0300 [INFO] vae.trainer: New best checkpoint saved (Val Loss: 40.7345)
2026-09-25T20:15:30+0300 [INFO] vae.trainer: Epoch 011 | Train Loss: 40.4357 (Recon: 20.5845, KL: 19.8512) | Val Loss: 40.8135 (Recon: 20.8796, KL: 19.9339)
2026-09-25T20:15:43+0300 [INFO] vae.trainer: Epoch 012 | Train Loss: 40.2322 (Recon: 20.3595, KL: 19.8727) | Val Loss: 40.5755 (Recon: 20.4676, KL: 20.1079)
2026-09-25T20:15:43+0300 [INFO] vae.trainer: New best checkpoint saved (Val Loss: 40.5755)
2026-09-25T20:15:56+0300 [INFO] vae.trainer: Epoch 013 | Train Loss: 39.9641 (Recon: 20.1228, KL: 19.8414) | Val Loss: 40.0626 (Recon: 20.2288, KL: 19.8339)
2026-09-25T20:15:56+0300 [INFO] vae.trainer: New best checkpoint saved (Val Loss: 40.0626)
2026-09-25T20:16:09+0300 [INFO] vae.trainer: Epoch 014 | Train Loss: 39.7086 (Recon: 19.9573, KL: 19.7512) | Val Loss: 39.9129 (Recon: 20.2719, KL: 19.6410)
2026-09-25T20:16:09+0300 [INFO] vae.trainer: New best checkpoint saved (Val Loss: 39.9129)
2026-09-25T20:16:23+0300 [INFO] vae.trainer: Epoch 015 | Train Loss: 39.5008 (Recon: 19.7467, KL: 19.7541) | Val Loss: 39.7568 (Recon: 20.0178, KL: 19.7390)
2026-09-25T20:16:23+0300 [INFO] vae.trainer: New best checkpoint saved (Val Loss: 39.7568)
2026-09-25T20:16:37+0300 [INFO] vae.trainer: Epoch 016 | Train Loss: 39.2745 (Recon: 19.5703, KL: 19.7042) | Val Loss: 39.7183 (Recon: 19.8210, KL: 19.8973)
2026-09-25T20:16:37+0300 [INFO] vae.trainer: New best checkpoint saved (Val Loss: 39.7183)
2026-09-25T20:16:50+0300 [INFO] vae.trainer: Epoch 017 | Train Loss: 39.0857 (Recon: 19.4081, KL: 19.6776) | Val Loss: 39.5213 (Recon: 19.8610, KL: 19.6603)
2026-09-25T20:16:50+0300 [INFO] vae.trainer: New best checkpoint saved (Val Loss: 39.5213)
2026-09-25T20:17:04+0300 [INFO] vae.trainer: Epoch 018 | Train Loss: 38.9330 (Recon: 19.2564, KL: 19.6766) | Val Loss: 39.3142 (Recon: 19.8704, KL: 19.4438)
2026-09-25T20:17:04+0300 [INFO] vae.trainer: New best checkpoint saved (Val Loss: 39.3142)
2026-09-25T20:17:18+0300 [INFO] vae.trainer: Epoch 019 | Train Loss: 38.8327 (Recon: 19.1710, KL: 19.6618) | Val Loss: 39.2802 (Recon: 19.4752, KL: 19.8050)
2026-09-25T20:17:18+0300 [INFO] vae.trainer: New best checkpoint saved (Val Loss: 39.2802)
2026-09-25T20:17:32+0300 [INFO] vae.trainer: Epoch 020 | Train Loss: 38.6699 (Recon: 19.0086, KL: 19.6614) | Val Loss: 38.9929 (Recon: 19.2334, KL: 19.7595)
2026-09-25T20:17:32+0300 [INFO] vae.trainer: New best checkpoint saved (Val Loss: 38.9929)
2026-09-25T20:17:46+0300 [INFO] vae.trainer: Epoch 021 | Train Loss: 38.5186 (Recon: 18.8641, KL: 19.6545) | Val Loss: 38.8713 (Recon: 19.1352, KL: 19.7361)
2026-09-25T20:17:46+0300 [INFO] vae.trainer: New best checkpoint saved (Val Loss: 38.8713)
2026-09-25T20:17:59+0300 [INFO] vae.trainer: Epoch 022 | Train Loss: 38.4179 (Recon: 18.7463, KL: 19.6716) | Val Loss: 38.8676 (Recon: 19.3178, KL: 19.5498)
2026-09-25T20:18:00+0300 [INFO] vae.trainer: New best checkpoint saved (Val Loss: 38.8676)
2026-09-25T20:18:13+0300 [INFO] vae.trainer: Epoch 023 | Train Loss: 38.2963 (Recon: 18.6411, KL: 19.6551) | Val Loss: 38.6443 (Recon: 19.0071, KL: 19.6373)
2026-09-25T20:18:13+0300 [INFO] vae.trainer: New best checkpoint saved (Val Loss: 38.6443)
2026-09-25T20:18:27+0300 [INFO] vae.trainer: Epoch 024 | Train Loss: 38.1815 (Recon: 18.5492, KL: 19.6322) | Val Loss: 38.5614 (Recon: 18.7390, KL: 19.8224)
2026-09-25T20:18:27+0300 [INFO] vae.trainer: New best checkpoint saved (Val Loss: 38.5614)
2026-09-25T20:18:41+0300 [INFO] vae.trainer: Epoch 025 | Train Loss: 38.0792 (Recon: 18.4474, KL: 19.6318) | Val Loss: 38.5308 (Recon: 18.8424, KL: 19.6884)
2026-09-25T20:18:41+0300 [INFO] vae.trainer: New best checkpoint saved (Val Loss: 38.5308)
2026-09-25T20:18:55+0300 [INFO] vae.trainer: Epoch 026 | Train Loss: 37.9904 (Recon: 18.3572, KL: 19.6332) | Val Loss: 38.3458 (Recon: 18.7712, KL: 19.5746)
2026-09-25T20:18:55+0300 [INFO] vae.trainer: New best checkpoint saved (Val Loss: 38.3458)
2026-09-25T20:19:10+0300 [INFO] vae.trainer: Epoch 027 | Train Loss: 37.9570 (Recon: 18.3157, KL: 19.6413) | Val Loss: 38.3187 (Recon: 18.5532, KL: 19.7655)
2026-09-25T20:19:10+0300 [INFO] vae.trainer: New best checkpoint saved (Val Loss: 38.3187)
2026-09-25T20:19:26+0300 [INFO] vae.trainer: Epoch 028 | Train Loss: 37.8994 (Recon: 18.2422, KL: 19.6572) | Val Loss: 38.2847 (Recon: 18.5767, KL: 19.7081)
2026-09-25T20:19:26+0300 [INFO] vae.trainer: New best checkpoint saved (Val Loss: 38.2847)
2026-09-25T20:19:40+0300 [INFO] vae.trainer: Epoch 029 | Train Loss: 37.8452 (Recon: 18.2107, KL: 19.6345) | Val Loss: 38.3069 (Recon: 18.6035, KL: 19.7034)
2026-09-25T20:19:55+0300 [INFO] vae.trainer: Epoch 030 | Train Loss: 37.8430 (Recon: 18.1886, KL: 19.6544) | Val Loss: 38.1747 (Recon: 18.4530, KL: 19.7217)
2026-09-25T20:19:55+0300 [INFO] vae.trainer: New best checkpoint saved (Val Loss: 38.1747)
2026-09-25T20:19:56+0300 [INFO] vae.trainer: Training cycle complete.
