2026-09-25T21:40:33+0300 [INFO] vae.trainer: Initializing VAE training on device: cuda
2026-09-25T21:40:37+0300 [INFO] vae.trainer: Starting training run from epoch 1 to 50
2026-09-25T21:40:51+0300 [INFO] vae.trainer: Epoch 001 | Train Loss: -550.3628 (Recon: -628.2241, KL: 77.8613) | Val Loss: -577.0646 (Recon: -668.9100, KL: 91.8454)
2026-09-25T21:40:51+0300 [INFO] vae.trainer: New best checkpoint saved (Val Loss: -577.0646)
2026-09-25T21:41:04+0300 [INFO] vae.trainer: Epoch 002 | Train Loss: -565.5959 (Recon: -662.3168, KL: 96.7209) | Val Loss: -537.8418 (Recon: -635.8899, KL: 98.0480)
2026-09-25T21:41:17+0300 [INFO] vae.trainer: Epoch 003 | Train Loss: -549.5416 (Recon: -653.7687, KL: 104.2271) | Val Loss: -525.1357 (Recon: -630.4818, KL: 105.3460)
2026-09-25T21:41:30+0300 [INFO] vae.trainer: Epoch 004 | Train Loss: -536.6067 (Recon: -646.6317, KL: 110.0249) | Val Loss: -541.8097 (Recon: -655.0877, KL: 113.2780)
2026-09-25T21:41:43+0300 [INFO] vae.trainer: Epoch 005 | Train Loss: -527.9244 (Recon: -641.6154, KL: 113.6911) | Val Loss: -513.8689 (Recon: -626.1856, KL: 112.3167)
2026-09-25T21:41:55+0300 [INFO] vae.trainer: Epoch 006 | Train Loss: -521.6026 (Recon: -638.6636, KL: 117.0609) | Val Loss: -533.0854 (Recon: -649.5020, KL: 116.4167)
2026-09-25T21:42:08+0300 [INFO] vae.trainer: Epoch 007 | Train Loss: -515.0198 (Recon: -634.7462, KL: 119.7264) | Val Loss: -517.9087 (Recon: -639.9044, KL: 121.9958)
2026-09-25T21:42:21+0300 [INFO] vae.trainer: Epoch 008 | Train Loss: -510.4884 (Recon: -632.2309, KL: 121.7425) | Val Loss: -514.5976 (Recon: -640.2083, KL: 125.6108)
2026-09-25T21:42:33+0300 [INFO] vae.trainer: Epoch 009 | Train Loss: -506.8058 (Recon: -630.2688, KL: 123.4631) | Val Loss: -473.7708 (Recon: -597.1339, KL: 123.3631)
2026-09-25T21:42:46+0300 [INFO] vae.trainer: Epoch 010 | Train Loss: -502.9824 (Recon: -628.0393, KL: 125.0569) | Val Loss: -485.8689 (Recon: -609.6242, KL: 123.7553)
2026-09-25T21:42:59+0300 [INFO] vae.trainer: Epoch 011 | Train Loss: -499.0038 (Recon: -625.3844, KL: 126.3806) | Val Loss: -487.2260 (Recon: -615.2856, KL: 128.0596)
2026-09-25T21:43:13+0300 [INFO] vae.trainer: Epoch 012 | Train Loss: -495.9409 (Recon: -623.5057, KL: 127.5648) | Val Loss: -480.5417 (Recon: -611.5254, KL: 130.9838)
2026-09-25T21:43:26+0300 [INFO] vae.trainer: Epoch 013 | Train Loss: -494.3784 (Recon: -622.8332, KL: 128.4548) | Val Loss: -497.1131 (Recon: -625.4504, KL: 128.3373)
2026-09-25T21:43:40+0300 [INFO] vae.trainer: Epoch 014 | Train Loss: -491.8267 (Recon: -621.0703, KL: 129.2436) | Val Loss: -500.7683 (Recon: -631.5086, KL: 130.7403)
2026-09-25T21:43:53+0300 [INFO] vae.trainer: Epoch 015 | Train Loss: -489.1665 (Recon: -619.2703, KL: 130.1038) | Val Loss: -506.2196 (Recon: -636.3096, KL: 130.0901)
2026-09-25T21:44:06+0300 [INFO] vae.trainer: Epoch 016 | Train Loss: -487.8086 (Recon: -618.4525, KL: 130.6438) | Val Loss: -463.4405 (Recon: -595.0660, KL: 131.6255)
2026-09-25T21:44:20+0300 [INFO] vae.trainer: Epoch 017 | Train Loss: -485.0749 (Recon: -616.3691, KL: 131.2942) | Val Loss: -481.4517 (Recon: -613.3906, KL: 131.9389)
2026-09-25T21:44:33+0300 [INFO] vae.trainer: Epoch 018 | Train Loss: -484.3311 (Recon: -616.0490, KL: 131.7179) | Val Loss: -490.6798 (Recon: -622.7169, KL: 132.0371)
2026-09-25T21:44:46+0300 [INFO] vae.trainer: Epoch 019 | Train Loss: -481.7726 (Recon: -613.9212, KL: 132.1486) | Val Loss: -479.0458 (Recon: -609.4255, KL: 130.3797)
2026-09-25T21:45:01+0300 [INFO] vae.trainer: Epoch 020 | Train Loss: -479.7037 (Recon: -612.4043, KL: 132.7007) | Val Loss: -461.1167 (Recon: -593.2532, KL: 132.1365)
2026-09-25T21:45:15+0300 [INFO] vae.trainer: Epoch 021 | Train Loss: -478.5944 (Recon: -611.8111, KL: 133.2167) | Val Loss: -459.4845 (Recon: -594.4808, KL: 134.9963)
2026-09-25T21:45:29+0300 [INFO] vae.trainer: Epoch 022 | Train Loss: -475.7702 (Recon: -609.5040, KL: 133.7337) | Val Loss: -447.7905 (Recon: -580.7643, KL: 132.9738)
2026-09-25T21:45:42+0300 [INFO] vae.trainer: Epoch 023 | Train Loss: -474.5166 (Recon: -608.4768, KL: 133.9601) | Val Loss: -454.2181 (Recon: -584.4333, KL: 130.2152)
2026-09-25T21:45:56+0300 [INFO] vae.trainer: Epoch 024 | Train Loss: -473.3274 (Recon: -607.4744, KL: 134.1469) | Val Loss: -448.9599 (Recon: -581.2674, KL: 132.3075)
2026-09-25T21:46:10+0300 [INFO] vae.trainer: Epoch 025 | Train Loss: -471.5101 (Recon: -606.0763, KL: 134.5662) | Val Loss: -457.8189 (Recon: -591.4383, KL: 133.6194)
2026-09-25T21:46:23+0300 [INFO] vae.trainer: Epoch 026 | Train Loss: -470.6992 (Recon: -605.4127, KL: 134.7135) | Val Loss: -438.7165 (Recon: -572.2053, KL: 133.4888)
2026-09-25T21:46:38+0300 [INFO] vae.trainer: Epoch 027 | Train Loss: -469.3278 (Recon: -604.1857, KL: 134.8578) | Val Loss: -463.4256 (Recon: -596.2375, KL: 132.8119)
2026-09-25T21:46:52+0300 [INFO] vae.trainer: Epoch 028 | Train Loss: -467.7869 (Recon: -602.9523, KL: 135.1654) | Val Loss: -459.6513 (Recon: -594.0782, KL: 134.4269)
2026-09-25T21:47:07+0300 [INFO] vae.trainer: Epoch 029 | Train Loss: -465.9271 (Recon: -601.4155, KL: 135.4884) | Val Loss: -436.1207 (Recon: -570.5137, KL: 134.3929)
2026-09-25T21:47:21+0300 [INFO] vae.trainer: Epoch 030 | Train Loss: -464.9365 (Recon: -600.6321, KL: 135.6956) | Val Loss: -433.6821 (Recon: -568.9303, KL: 135.2482)
2026-09-25T21:47:35+0300 [INFO] vae.trainer: Epoch 031 | Train Loss: -463.2808 (Recon: -599.3255, KL: 136.0447) | Val Loss: -433.9144 (Recon: -568.5073, KL: 134.5929)
2026-09-25T21:47:49+0300 [INFO] vae.trainer: Epoch 032 | Train Loss: -462.0970 (Recon: -598.2662, KL: 136.1692) | Val Loss: -452.3130 (Recon: -587.8888, KL: 135.5758)
2026-09-25T21:48:03+0300 [INFO] vae.trainer: Epoch 033 | Train Loss: -460.7849 (Recon: -597.1776, KL: 136.3927) | Val Loss: -432.2927 (Recon: -568.9946, KL: 136.7019)
2026-09-25T21:48:17+0300 [INFO] vae.trainer: Epoch 034 | Train Loss: -459.6780 (Recon: -596.2331, KL: 136.5550) | Val Loss: -425.1190 (Recon: -561.9231, KL: 136.8041)
2026-09-25T21:48:31+0300 [INFO] vae.trainer: Epoch 035 | Train Loss: -458.2993 (Recon: -595.1875, KL: 136.8882) | Val Loss: -424.0503 (Recon: -559.7087, KL: 135.6584)
2026-09-25T21:48:44+0300 [INFO] vae.trainer: Epoch 036 | Train Loss: -457.1945 (Recon: -594.1815, KL: 136.9870) | Val Loss: -411.0069 (Recon: -547.1419, KL: 136.1350)
2026-09-25T21:48:58+0300 [INFO] vae.trainer: Epoch 037 | Train Loss: -455.9009 (Recon: -593.2411, KL: 137.3402) | Val Loss: -416.4509 (Recon: -554.0344, KL: 137.5836)
2026-09-25T21:49:12+0300 [INFO] vae.trainer: Epoch 038 | Train Loss: -454.9442 (Recon: -592.4240, KL: 137.4799) | Val Loss: -415.6015 (Recon: -552.1021, KL: 136.5007)
2026-09-25T21:49:26+0300 [INFO] vae.trainer: Epoch 039 | Train Loss: -454.0898 (Recon: -591.6318, KL: 137.5420) | Val Loss: -409.6147 (Recon: -545.9125, KL: 136.2979)
2026-09-25T21:49:39+0300 [INFO] vae.trainer: Epoch 040 | Train Loss: -453.3301 (Recon: -591.0999, KL: 137.7699) | Val Loss: -411.0154 (Recon: -547.8121, KL: 136.7967)
2026-09-25T21:49:53+0300 [INFO] vae.trainer: Epoch 041 | Train Loss: -452.4092 (Recon: -590.2563, KL: 137.8471) | Val Loss: -401.1537 (Recon: -538.3717, KL: 137.2180)
2026-09-25T21:50:07+0300 [INFO] vae.trainer: Epoch 042 | Train Loss: -451.5962 (Recon: -589.6397, KL: 138.0435) | Val Loss: -406.2009 (Recon: -543.2200, KL: 137.0191)
2026-09-25T21:50:20+0300 [INFO] vae.trainer: Epoch 043 | Train Loss: -450.6301 (Recon: -588.8533, KL: 138.2232) | Val Loss: -404.7796 (Recon: -542.8257, KL: 138.0461)
2026-09-25T21:51:00+0300 [INFO] vae.trainer: Initializing VAE training on device: cuda
2026-09-25T21:51:02+0300 [INFO] vae.trainer: Resumed from checkpoint artifacts/runs/cifar10_enhanced/latest.pt at epoch 44
2026-09-25T21:51:02+0300 [INFO] vae.trainer: Starting training run from epoch 44 to 50
2026-09-25T21:51:16+0300 [INFO] vae.trainer: Epoch 044 | Train Loss: -450.4291 (Recon: -588.5093, KL: 138.0802) | Val Loss: -402.8052 (Recon: -539.9526, KL: 137.1474)
2026-09-25T21:51:30+0300 [INFO] vae.trainer: Epoch 045 | Train Loss: -449.8537 (Recon: -588.1137, KL: 138.2600) | Val Loss: -398.4099 (Recon: -535.6654, KL: 137.2555)
2026-09-25T21:51:44+0300 [INFO] vae.trainer: Epoch 046 | Train Loss: -449.4022 (Recon: -587.7203, KL: 138.3181) | Val Loss: -403.7221 (Recon: -541.7687, KL: 138.0466)
2026-09-25T21:51:59+0300 [INFO] vae.trainer: Epoch 047 | Train Loss: -449.0838 (Recon: -587.5775, KL: 138.4937) | Val Loss: -398.9548 (Recon: -536.5128, KL: 137.5580)
2026-09-25T21:52:13+0300 [INFO] vae.trainer: Epoch 048 | Train Loss: -448.6392 (Recon: -587.1446, KL: 138.5053) | Val Loss: -396.4909 (Recon: -534.1754, KL: 137.6845)
2026-09-25T21:52:28+0300 [INFO] vae.trainer: Epoch 049 | Train Loss: -448.3430 (Recon: -586.9196, KL: 138.5766) | Val Loss: -400.9830 (Recon: -538.9317, KL: 137.9486)
2026-09-25T21:52:43+0300 [INFO] vae.trainer: Epoch 050 | Train Loss: -448.2438 (Recon: -586.8623, KL: 138.6185) | Val Loss: -402.7150 (Recon: -540.4861, KL: 137.7710)
2026-09-25T21:52:44+0300 [INFO] vae.trainer: Training cycle complete.
