2026-09-25T16:28:40+0300 [INFO] vae.trainer: Initializing VAE training on device: cuda
2026-09-25T16:48:49+0300 [INFO] vae.trainer: Initializing VAE training on device: cuda
2026-09-25T16:48:50+0300 [INFO] vae.trainer: Starting training run for 2 epochs
2026-09-25T16:49:01+0300 [INFO] vae.trainer: Epoch 001 | Train Loss: 173.1700 (Recon: 143.3801, KL: 29.7899) | Val Loss: 146.0438 (Recon: 112.7683, KL: 33.2755)
2026-09-25T16:49:01+0300 [INFO] vae.trainer: New best checkpoint saved (Val Loss: 146.0438)
2026-09-25T16:49:11+0300 [INFO] vae.trainer: Epoch 002 | Train Loss: 139.2666 (Recon: 105.2936, KL: 33.9731) | Val Loss: 136.8812 (Recon: 103.5081, KL: 33.3731)
2026-09-25T16:49:11+0300 [INFO] vae.trainer: New best checkpoint saved (Val Loss: 136.8812)
2026-09-25T16:49:13+0300 [INFO] vae.trainer: Training cycle complete.
2026-09-25T17:42:11+0300 [INFO] vae.trainer: Initializing VAE training on device: cuda
2026-09-25T17:42:12+0300 [INFO] vae.trainer: Starting training run for 50 epochs
2026-09-25T17:42:23+0300 [INFO] vae.trainer: Epoch 001 | Train Loss: 173.1700 (Recon: 143.3801, KL: 29.7899) | Val Loss: 146.0438 (Recon: 112.7683, KL: 33.2755)
2026-09-25T17:42:23+0300 [INFO] vae.trainer: New best checkpoint saved (Val Loss: 146.0438)
2026-09-25T17:42:33+0300 [INFO] vae.trainer: Epoch 002 | Train Loss: 141.0616 (Recon: 107.0267, KL: 34.0349) | Val Loss: 137.2413 (Recon: 104.2802, KL: 32.9611)
2026-09-25T17:42:33+0300 [INFO] vae.trainer: New best checkpoint saved (Val Loss: 137.2413)
2026-09-25T17:42:43+0300 [INFO] vae.trainer: Epoch 003 | Train Loss: 136.6195 (Recon: 102.9985, KL: 33.6211) | Val Loss: 136.9993 (Recon: 103.5085, KL: 33.4908)
2026-09-25T17:42:43+0300 [INFO] vae.trainer: New best checkpoint saved (Val Loss: 136.9993)
2026-09-25T17:42:53+0300 [INFO] vae.trainer: Epoch 004 | Train Loss: 133.6480 (Recon: 100.0951, KL: 33.5529) | Val Loss: 132.5415 (Recon: 100.1822, KL: 32.3593)
2026-09-25T17:42:53+0300 [INFO] vae.trainer: New best checkpoint saved (Val Loss: 132.5415)
2026-09-25T17:43:03+0300 [INFO] vae.trainer: Epoch 005 | Train Loss: 131.9209 (Recon: 98.4757, KL: 33.4452) | Val Loss: 130.7889 (Recon: 97.1593, KL: 33.6297)
2026-09-25T17:43:03+0300 [INFO] vae.trainer: New best checkpoint saved (Val Loss: 130.7889)
2026-09-25T17:43:13+0300 [INFO] vae.trainer: Epoch 006 | Train Loss: 130.2714 (Recon: 96.8786, KL: 33.3928) | Val Loss: 129.1661 (Recon: 95.5683, KL: 33.5978)
2026-09-25T17:43:13+0300 [INFO] vae.trainer: New best checkpoint saved (Val Loss: 129.1661)
2026-09-25T17:43:22+0300 [INFO] vae.trainer: Epoch 007 | Train Loss: 129.4759 (Recon: 96.0433, KL: 33.4326) | Val Loss: 130.1675 (Recon: 98.1116, KL: 32.0559)
2026-09-25T17:43:32+0300 [INFO] vae.trainer: Epoch 008 | Train Loss: 128.7060 (Recon: 95.2893, KL: 33.4167) | Val Loss: 128.8567 (Recon: 95.0357, KL: 33.8209)
2026-09-25T17:43:32+0300 [INFO] vae.trainer: New best checkpoint saved (Val Loss: 128.8567)
2026-09-25T17:43:42+0300 [INFO] vae.trainer: Epoch 009 | Train Loss: 127.9419 (Recon: 94.5523, KL: 33.3896) | Val Loss: 128.4985 (Recon: 95.7681, KL: 32.7303)
2026-09-25T17:43:42+0300 [INFO] vae.trainer: New best checkpoint saved (Val Loss: 128.4985)
2026-09-25T17:43:52+0300 [INFO] vae.trainer: Epoch 010 | Train Loss: 127.3908 (Recon: 94.0564, KL: 33.3345) | Val Loss: 128.6594 (Recon: 96.1465, KL: 32.5129)
2026-09-25T17:44:02+0300 [INFO] vae.trainer: Epoch 011 | Train Loss: 126.8128 (Recon: 93.4549, KL: 33.3579) | Val Loss: 127.6164 (Recon: 95.5320, KL: 32.0843)
2026-09-25T17:44:02+0300 [INFO] vae.trainer: New best checkpoint saved (Val Loss: 127.6164)
2026-09-25T17:44:12+0300 [INFO] vae.trainer: Epoch 012 | Train Loss: 126.4477 (Recon: 93.0828, KL: 33.3649) | Val Loss: 127.3955 (Recon: 94.9431, KL: 32.4524)
2026-09-25T17:44:12+0300 [INFO] vae.trainer: New best checkpoint saved (Val Loss: 127.3955)
2026-09-25T17:44:22+0300 [INFO] vae.trainer: Epoch 013 | Train Loss: 125.9637 (Recon: 92.5603, KL: 33.4033) | Val Loss: 126.4786 (Recon: 92.7291, KL: 33.7495)
2026-09-25T17:44:22+0300 [INFO] vae.trainer: New best checkpoint saved (Val Loss: 126.4786)
2026-09-25T17:44:32+0300 [INFO] vae.trainer: Epoch 014 | Train Loss: 125.5878 (Recon: 92.2011, KL: 33.3867) | Val Loss: 126.6821 (Recon: 93.6690, KL: 33.0130)
2026-09-25T17:44:42+0300 [INFO] vae.trainer: Epoch 015 | Train Loss: 125.3259 (Recon: 91.9044, KL: 33.4214) | Val Loss: 126.2610 (Recon: 91.9155, KL: 34.3455)
2026-09-25T17:44:42+0300 [INFO] vae.trainer: New best checkpoint saved (Val Loss: 126.2610)
2026-09-25T17:44:52+0300 [INFO] vae.trainer: Epoch 016 | Train Loss: 124.9615 (Recon: 91.5085, KL: 33.4530) | Val Loss: 125.6738 (Recon: 92.3554, KL: 33.3183)
2026-09-25T17:44:52+0300 [INFO] vae.trainer: New best checkpoint saved (Val Loss: 125.6738)
2026-09-25T17:45:02+0300 [INFO] vae.trainer: Epoch 017 | Train Loss: 124.5809 (Recon: 91.2246, KL: 33.3563) | Val Loss: 126.1918 (Recon: 92.4752, KL: 33.7166)
2026-09-25T17:45:13+0300 [INFO] vae.trainer: Epoch 018 | Train Loss: 124.3834 (Recon: 90.9798, KL: 33.4036) | Val Loss: 125.7570 (Recon: 93.0157, KL: 32.7413)
2026-09-25T17:45:23+0300 [INFO] vae.trainer: Epoch 019 | Train Loss: 124.0517 (Recon: 90.5894, KL: 33.4623) | Val Loss: 125.1805 (Recon: 92.7391, KL: 32.4415)
2026-09-25T17:45:23+0300 [INFO] vae.trainer: New best checkpoint saved (Val Loss: 125.1805)
2026-09-25T17:45:33+0300 [INFO] vae.trainer: Epoch 020 | Train Loss: 123.7709 (Recon: 90.3342, KL: 33.4367) | Val Loss: 125.0615 (Recon: 91.2881, KL: 33.7734)
2026-09-25T17:45:33+0300 [INFO] vae.trainer: New best checkpoint saved (Val Loss: 125.0615)
2026-09-25T17:45:43+0300 [INFO] vae.trainer: Epoch 021 | Train Loss: 123.5809 (Recon: 90.1340, KL: 33.4469) | Val Loss: 124.5492 (Recon: 90.7930, KL: 33.7562)
2026-09-25T17:45:43+0300 [INFO] vae.trainer: New best checkpoint saved (Val Loss: 124.5492)
2026-09-25T17:45:52+0300 [INFO] vae.trainer: Epoch 022 | Train Loss: 123.3493 (Recon: 89.8298, KL: 33.5195) | Val Loss: 124.7523 (Recon: 91.2946, KL: 33.4577)
2026-09-25T17:46:03+0300 [INFO] vae.trainer: Epoch 023 | Train Loss: 123.1049 (Recon: 89.5769, KL: 33.5280) | Val Loss: 124.3746 (Recon: 91.7287, KL: 32.6458)
2026-09-25T17:46:03+0300 [INFO] vae.trainer: New best checkpoint saved (Val Loss: 124.3746)
2026-09-25T17:46:13+0300 [INFO] vae.trainer: Epoch 024 | Train Loss: 122.8127 (Recon: 89.3165, KL: 33.4961) | Val Loss: 124.5851 (Recon: 91.8011, KL: 32.7840)
2026-09-25T17:46:23+0300 [INFO] vae.trainer: Epoch 025 | Train Loss: 122.5748 (Recon: 89.0156, KL: 33.5593) | Val Loss: 124.8928 (Recon: 92.3080, KL: 32.5847)
2026-09-25T17:46:33+0300 [INFO] vae.trainer: Epoch 026 | Train Loss: 122.3825 (Recon: 88.8122, KL: 33.5703) | Val Loss: 124.1668 (Recon: 90.3587, KL: 33.8081)
2026-09-25T17:46:33+0300 [INFO] vae.trainer: New best checkpoint saved (Val Loss: 124.1668)
2026-09-25T17:46:43+0300 [INFO] vae.trainer: Epoch 027 | Train Loss: 122.0997 (Recon: 88.4977, KL: 33.6020) | Val Loss: 123.8629 (Recon: 90.4851, KL: 33.3778)
2026-09-25T17:46:43+0300 [INFO] vae.trainer: New best checkpoint saved (Val Loss: 123.8629)
2026-09-25T17:46:53+0300 [INFO] vae.trainer: Epoch 028 | Train Loss: 121.8428 (Recon: 88.1861, KL: 33.6567) | Val Loss: 123.6959 (Recon: 89.6189, KL: 34.0771)
2026-09-25T17:46:53+0300 [INFO] vae.trainer: New best checkpoint saved (Val Loss: 123.6959)
2026-09-25T17:47:03+0300 [INFO] vae.trainer: Epoch 029 | Train Loss: 121.6587 (Recon: 87.9916, KL: 33.6671) | Val Loss: 124.0111 (Recon: 90.5059, KL: 33.5052)
2026-09-25T17:47:13+0300 [INFO] vae.trainer: Epoch 030 | Train Loss: 121.4655 (Recon: 87.7432, KL: 33.7223) | Val Loss: 123.5175 (Recon: 89.9941, KL: 33.5234)
2026-09-25T17:47:13+0300 [INFO] vae.trainer: New best checkpoint saved (Val Loss: 123.5175)
2026-09-25T17:47:23+0300 [INFO] vae.trainer: Epoch 031 | Train Loss: 121.2698 (Recon: 87.5486, KL: 33.7212) | Val Loss: 123.2343 (Recon: 89.7527, KL: 33.4816)
2026-09-25T17:47:23+0300 [INFO] vae.trainer: New best checkpoint saved (Val Loss: 123.2343)
2026-09-25T17:47:34+0300 [INFO] vae.trainer: Epoch 032 | Train Loss: 121.0917 (Recon: 87.3195, KL: 33.7722) | Val Loss: 123.0085 (Recon: 89.3731, KL: 33.6354)
2026-09-25T17:47:34+0300 [INFO] vae.trainer: New best checkpoint saved (Val Loss: 123.0085)
2026-09-25T17:47:44+0300 [INFO] vae.trainer: Epoch 033 | Train Loss: 120.9354 (Recon: 87.1656, KL: 33.7698) | Val Loss: 123.2254 (Recon: 89.9471, KL: 33.2783)
2026-09-25T17:47:55+0300 [INFO] vae.trainer: Epoch 034 | Train Loss: 120.7516 (Recon: 86.9879, KL: 33.7638) | Val Loss: 122.9661 (Recon: 89.8194, KL: 33.1468)
2026-09-25T17:47:55+0300 [INFO] vae.trainer: New best checkpoint saved (Val Loss: 122.9661)
2026-09-25T17:48:05+0300 [INFO] vae.trainer: Epoch 035 | Train Loss: 120.5408 (Recon: 86.7631, KL: 33.7777) | Val Loss: 123.1486 (Recon: 89.6333, KL: 33.5153)
2026-09-25T17:48:16+0300 [INFO] vae.trainer: Epoch 036 | Train Loss: 120.3713 (Recon: 86.5901, KL: 33.7812) | Val Loss: 122.7967 (Recon: 89.2961, KL: 33.5007)
2026-09-25T17:48:16+0300 [INFO] vae.trainer: New best checkpoint saved (Val Loss: 122.7967)
2026-09-25T17:48:27+0300 [INFO] vae.trainer: Epoch 037 | Train Loss: 120.2868 (Recon: 86.4819, KL: 33.8049) | Val Loss: 122.8850 (Recon: 88.8152, KL: 34.0699)
2026-09-25T17:48:38+0300 [INFO] vae.trainer: Epoch 038 | Train Loss: 120.1419 (Recon: 86.3200, KL: 33.8218) | Val Loss: 122.9518 (Recon: 89.4824, KL: 33.4695)
2026-09-25T17:48:49+0300 [INFO] vae.trainer: Epoch 039 | Train Loss: 120.0579 (Recon: 86.2378, KL: 33.8200) | Val Loss: 122.7512 (Recon: 88.9592, KL: 33.7920)
2026-09-25T17:48:49+0300 [INFO] vae.trainer: New best checkpoint saved (Val Loss: 122.7512)
2026-09-25T17:49:00+0300 [INFO] vae.trainer: Epoch 040 | Train Loss: 119.8952 (Recon: 86.0636, KL: 33.8316) | Val Loss: 122.5606 (Recon: 88.8371, KL: 33.7235)
2026-09-25T17:49:00+0300 [INFO] vae.trainer: New best checkpoint saved (Val Loss: 122.5606)
2026-09-25T17:49:11+0300 [INFO] vae.trainer: Epoch 041 | Train Loss: 119.8364 (Recon: 85.9768, KL: 33.8596) | Val Loss: 122.5188 (Recon: 88.8967, KL: 33.6220)
2026-09-25T17:49:11+0300 [INFO] vae.trainer: New best checkpoint saved (Val Loss: 122.5188)
2026-09-25T17:49:21+0300 [INFO] vae.trainer: Epoch 042 | Train Loss: 119.7312 (Recon: 85.8382, KL: 33.8930) | Val Loss: 122.6001 (Recon: 88.9078, KL: 33.6923)
2026-09-25T17:49:32+0300 [INFO] vae.trainer: Epoch 043 | Train Loss: 119.6322 (Recon: 85.7663, KL: 33.8659) | Val Loss: 122.5330 (Recon: 89.0615, KL: 33.4714)
2026-09-25T17:49:42+0300 [INFO] vae.trainer: Epoch 044 | Train Loss: 119.6085 (Recon: 85.7049, KL: 33.9036) | Val Loss: 122.4228 (Recon: 88.7332, KL: 33.6896)
2026-09-25T17:49:42+0300 [INFO] vae.trainer: New best checkpoint saved (Val Loss: 122.4228)
2026-09-25T17:49:53+0300 [INFO] vae.trainer: Epoch 045 | Train Loss: 119.4764 (Recon: 85.6153, KL: 33.8611) | Val Loss: 122.4012 (Recon: 88.6145, KL: 33.7867)
2026-09-25T17:49:53+0300 [INFO] vae.trainer: New best checkpoint saved (Val Loss: 122.4012)
2026-09-25T17:50:04+0300 [INFO] vae.trainer: Epoch 046 | Train Loss: 119.4345 (Recon: 85.5479, KL: 33.8866) | Val Loss: 122.3327 (Recon: 88.7362, KL: 33.5965)
2026-09-25T17:50:04+0300 [INFO] vae.trainer: New best checkpoint saved (Val Loss: 122.3327)
2026-09-25T17:50:15+0300 [INFO] vae.trainer: Epoch 047 | Train Loss: 119.4437 (Recon: 85.5189, KL: 33.9248) | Val Loss: 122.3727 (Recon: 88.7424, KL: 33.6303)
2026-09-25T17:50:25+0300 [INFO] vae.trainer: Epoch 048 | Train Loss: 119.4107 (Recon: 85.5072, KL: 33.9035) | Val Loss: 122.4827 (Recon: 88.7391, KL: 33.7436)
2026-09-25T17:50:36+0300 [INFO] vae.trainer: Epoch 049 | Train Loss: 119.3537 (Recon: 85.4318, KL: 33.9220) | Val Loss: 122.3104 (Recon: 88.6906, KL: 33.6198)
2026-09-25T17:50:36+0300 [INFO] vae.trainer: New best checkpoint saved (Val Loss: 122.3104)
2026-09-25T17:50:46+0300 [INFO] vae.trainer: Epoch 050 | Train Loss: 119.2557 (Recon: 85.3870, KL: 33.8687) | Val Loss: 122.4182 (Recon: 88.7533, KL: 33.6649)
2026-09-25T17:50:48+0300 [INFO] vae.trainer: Training cycle complete.
